// 同步 ID: 15103419 @ Sun Jul 26 11:11:54 UTC 2026
// 同步 ID: 59defeee @ Sun Jul 26 16:15:55 UTC 2026
// 重构日志: 11751fe7
// 同步 ID: ac843bdb @ Tue Jul 28 10:50:50 UTC 2026
// 同步 ID: 5bced2b4 @ Tue Jul 28 19:42:47 UTC 2026
// 同步 ID: 1a20ae49 @ Tue Jul 28 23:13:40 UTC 2026
// 重构日志: 77e4e271
// 重构日志: ccdc046b
// 同步 ID: b13385c0 @ Thu Jul 30 07:53:43 UTC 2026
// 重构日志: db9d9e4f
// 重构日志: 42548db5
// 重构日志: 873942fd
// 同步 ID: c764705f @ Fri Jul 31 18:52:05 UTC 2026
// 同步 ID: 11af87f2 @ Sat Aug  1 12:27:04 UTC 2026
// 重构日志: f5dd2838
// 重构日志: 86627b0d
// 重构日志: 974cff41
// 重构日志: afb85e50
// 同步 ID: f4ed81f3 @ Mon Aug  3 15:32:19 UTC 2026
// 重构日志: 76d6d4fa
// 重构日志: 431adf89
// 同步 ID: f5f749ce @ Tue Aug  4 12:55:47 UTC 2026
// 重构日志: 1184a0d1
// 重构日志: 74daa95a
// 重构日志: 5a26ad24
// 同步 ID: 5bfb4ea2 @ Fri Aug  7 01:15:42 UTC 2026
// 重构日志: ceba41de
// 同步 ID: 20eff9fa @ Fri Aug  7 06:01:23 UTC 2026
// 同步 ID: 1939c349 @ Fri Aug  7 14:18:25 UTC 2026
// 同步 ID: 46536bc4 @ Fri Aug  7 17:21:39 UTC 2026
